ARM Linker, 5.03 [Build 76] [MDK-ARM Lite]

==============================================================================

Section Cross References

    main.o(.text) refers to radio_config.o(.text) for app_tx_data
    main.o(.text) refers to nrf_delay.o(.text) for nrf_delay_ms
    main.o(.text) refers to hal_cm1.o(.emb_text) for os_set_env
    main.o(.text) refers to main.o(.data) for packet
    main.o(.text) refers to tasks.o(.text) for net_init
    main.o(.text) refers to rt_task.o(i.rt_tsk_create) for rt_tsk_create
    main.o(.text) refers to tasks.o(.data) for t_net_init
    main.o(.text) refers to rt_task.o(i.rt_tsk_delete) for rt_tsk_delete
    main.o(.text) refers to rt_task.o(i.rt_sys_init) for rt_sys_init
    rtx_conf_cm.o(.text) refers to rt_task.o(i.rt_tsk_self) for rt_tsk_self
    rtx_conf_cm.o(.text) refers to rt_mutex.o(i.rt_mut_init) for rt_mut_init
    rtx_conf_cm.o(.text) refers to rtx_conf_cm.o(.bss) for .bss
    rtx_conf_cm.o(.text) refers to libspace.o(.bss) for __libspace_start
    rtx_conf_cm.o(.text) refers to rtx_conf_cm.o(.data) for .data
    rtx_conf_cm.o(.text) refers to rt_mutex.o(i.rt_mut_wait) for rt_mut_wait
    rtx_conf_cm.o(.text) refers to rt_mutex.o(i.rt_mut_release) for rt_mut_release
    tasks.o(.text) refers to w5500.o(.text) for spi_w5500_init
    tasks.o(.text) refers to device.o(.text) for Reset_W5500
    tasks.o(.text) refers to sockutil.o(.text) for GetNetConfig
    tasks.o(.text) refers to dhcp.o(.text) for init_dhcp_client
    device.o(.text) refers to _printf_percent.o(.ARM.Collect$$_printf_percent$$00000000) for _printf_percent
    device.o(.text) refers to _printf_d.o(.ARM.Collect$$_printf_percent$$00000009) for _printf_d
    device.o(.text) refers to _printf_dec.o(.text) for _printf_int_dec
    device.o(.text) refers to w5500.o(.text) for setSHAR
    device.o(.text) refers to __2printf.o(.text) for __2printf
    device.o(.text) refers to rt_memcpy.o(.text) for __aeabi_memcpy
    device.o(.text) refers to device.o(.bss) for ConfigMsg
    device.o(.text) refers to device.o(.data) for rxsize
    dhcp.o(.text) refers to _printf_pad.o(.text) for _printf_pre_padding
    dhcp.o(.text) refers to _printf_percent.o(.ARM.Collect$$_printf_percent$$00000000) for _printf_percent
    dhcp.o(.text) refers to _printf_x.o(.ARM.Collect$$_printf_percent$$0000000C) for _printf_x
    dhcp.o(.text) refers to _printf_s.o(.ARM.Collect$$_printf_percent$$00000014) for _printf_s
    dhcp.o(.text) refers to _printf_hex_int_ll_ptr.o(.text) for _printf_longlong_hex
    dhcp.o(.text) refers to _printf_str.o(.text) for _printf_str
    dhcp.o(.text) refers to rt_memclr.o(.text) for __aeabi_memclr4
    dhcp.o(.text) refers to sockutil.o(.text) for htonl
    dhcp.o(.text) refers to __2sprintf.o(.text) for __2sprintf
    dhcp.o(.text) refers to strlen.o(.text) for strlen
    dhcp.o(.text) refers to strcpy.o(.text) for strcpy
    dhcp.o(.text) refers to socket.o(.text) for sendto
    dhcp.o(.text) refers to rt_memcpy.o(.text) for __aeabi_memcpy
    dhcp.o(.text) refers to dhcp.o(.data) for dhcp_time
    dhcp.o(.text) refers to aeabi_memset.o(.text) for __aeabi_memset
    dhcp.o(.text) refers to memcmp.o(.text) for memcmp
    dhcp.o(.text) refers to w5500.o(.text) for getSn_SR
    dhcp.o(.text) refers to dhcp.o(i.__ARM_common_switch8) for __ARM_common_switch8
    dhcp.o(.text) refers to __2printf.o(.text) for __2printf
    dhcp.o(.text) refers to device.o(.bss) for ConfigMsg
    dhcp.o(.data) refers to device.o(.bss) for ConfigMsg
    dhcp.o(.data) refers to dhcp.o(.conststring) for .conststring
    dhcp.o(.data) refers to dhcp.o(.bss) for EXTERN_DHCPBUF
    sockutil.o(.text) refers to _printf_percent.o(.ARM.Collect$$_printf_percent$$00000000) for _printf_percent
    sockutil.o(.text) refers to _printf_d.o(.ARM.Collect$$_printf_percent$$00000009) for _printf_d
    sockutil.o(.text) refers to _printf_dec.o(.text) for _printf_int_dec
    sockutil.o(.text) refers to _printf_pad.o(.text) for _printf_pre_padding
    sockutil.o(.text) refers to _printf_x.o(.ARM.Collect$$_printf_percent$$0000000C) for _printf_x
    sockutil.o(.text) refers to _printf_hex_int_ll_ptr.o(.text) for _printf_longlong_hex
    sockutil.o(.text) refers to _printf_s.o(.ARM.Collect$$_printf_percent$$00000014) for _printf_s
    sockutil.o(.text) refers to _printf_str.o(.text) for _printf_str
    sockutil.o(.text) refers to rt_memclr.o(.text) for __aeabi_memclr
    sockutil.o(.text) refers to __2sprintf.o(.text) for __2sprintf
    sockutil.o(.text) refers to printf.o(.text) for printf
    sockutil.o(.text) refers to strcpy.o(.text) for strcpy
    sockutil.o(.text) refers to strtok.o(.text) for strtok
    sockutil.o(.text) refers to util.o(.text) for ValidATOI
    sockutil.o(.text) refers to w5500.o(.text) for IINCHIP_READ
    sockutil.o(.text) refers to __2printf.o(.text) for __2printf
    sockutil.o(.text) refers to sockutil.o(.bss) for addr_str
    nrf_soc.o(.text) refers to nrf_soc.o(.data) for m_in_critical_region
[...]
    pend_flags                               0x2000007e   Data           1  rt_system.o(.data)
    .data                                    0x20000084   Section        8  rt_robin.o(.data)
    .data                                    0x2000008c   Section        4  rt_time.o(.data)
    .data                                    0x20000090   Section        8  rt_timer.o(.data)
    .data                                    0x20000098   Section        4  strtok.o(.data)
    _strtok_saves1                           0x20000098   Data           4  strtok.o(.data)
    .data                                    0x2000009c   Section        4  stdio_streams.o(.data)
    .data                                    0x200000a0   Section        4  stdio_streams.o(.data)
    .data                                    0x200000a4   Section        4  stdio_streams.o(.data)
    .data                                    0x200000a8   Section        4  streamlock.o(.data)
    .bss                                     0x200000b0   Section     4812  rtx_conf_cm.o(.bss)
    std_libspace                             0x200010bc   Data         576  rtx_conf_cm.o(.bss)
    std_libmutex                             0x200012fc   Data         128  rtx_conf_cm.o(.bss)
    .bss                                     0x2000137c   Section     1526  device.o(.bss)
    .bss                                     0x20001972   Section     1024  dhcp.o(.bss)
    .bss                                     0x20001d72   Section       48  sockutil.o(.bss)
    addr_str                                 0x20001d72   Data          32  sockutil.o(.bss)
    addr_str                                 0x20001d92   Data          16  sockutil.o(.bss)
    .bss                                     0x20001da2   Section       32  w5500.o(.bss)
    SSIZE                                    0x20001da2   Data          16  w5500.o(.bss)
    RSIZE                                    0x20001db2   Data          16  w5500.o(.bss)
    .bss                                     0x20001dc4   Section       56  rt_task.o(.bss)
    .bss                                     0x20001dfc   Section       48  rt_list.o(.bss)
    .bss                                     0x20001e2c   Section       96  libspace.o(.bss)
    .bss                                     0x20001e8c   Section       84  stdio_streams.o(.bss)
    .bss                                     0x20001ee0   Section       84  stdio_streams.o(.bss)
    .bss                                     0x20001f34   Section       84  stdio_streams.o(.bss)
    HEAP                                     0x20001f88   Section     2048  arm_startup_nrf51.o(HEAP)
    Heap_Mem                                 0x20001f88   Data        2048  arm_startup_nrf51.o(HEAP)
    STACK                                    0x20002788   Section     2048  arm_startup_nrf51.o(STACK)
    Stack_Mem                                0x20002788   Data        2048  arm_startup_nrf51.o(STACK)
    __initial_sp                             0x20002f88   Data           0  arm_startup_nrf51.o(STACK)

    Global Symbols

    Symbol Name                              Value     Ov Type        Size  Object(Section)

    BuildAttributes$$THM_ISAv3M$S$PE$A:L22$X:L11$S22$IEEE1$IW$USESV6$~STKCKD$USESV7$~SHL$OTIME$ROPI$IEEEJ$EBA8$UX$STANDARDLIB$REQ8$PRES8$EABIv2 0x00000000   Number         0  anon$$obj.o ABSOLUTE
    __ARM_use_no_argv                        0x00000000   Number         0  main.o ABSOLUTE
    __Vectors                                0x00000000   Data           4  arm_startup_nrf51.o(RESET)
    _printf_flags                            0x00000000   Number         0  printf_stubs.o ABSOLUTE
    _printf_return_value                     0x00000000   Number         0  printf_stubs.o ABSOLUTE
    _printf_sizespec                         0x00000000   Number         0  printf_stubs.o ABSOLUTE
    _printf_widthprec                        0x00000000   Number         0  printf_stubs.o ABSOLUTE
    __ARM_exceptions_init                     - Undefined Weak Reference
    __alloca_initialize                       - Undefined Weak Reference
    __cpp_initialize__aeabi_                  - Undefined Weak Reference
    __cxa_finalize                            - Undefined Weak Reference
    __sigvec_lookup                           - Undefined Weak Reference
    __user_heap_extent                        - Undefined Weak Reference
    _atexit_init                              - Undefined Weak Reference
    _call_atexit_fns                          - Undefined Weak Reference
    _clock_init                               - Undefined Weak Reference
    _fp_trap_init                             - Undefined Weak Reference
    _fp_trap_shutdown                         - Undefined Weak Reference
    _get_lc_collate                           - Undefined Weak Reference
    _get_lc_monetary                          - Undefined Weak Reference
    _get_lc_time                              - Undefined Weak Reference
    _getenv_init                              - Undefined Weak Reference
    _handle_redirection                       - Undefined Weak Reference
    _mutex_free                               - Undefined Weak Reference
    _printf_mbtowc                            - Undefined Weak Reference
    _printf_wc                                - Undefined Weak Reference
    _rand_init                                - Undefined Weak Reference
    _signal_finish                            - Undefined Weak Reference
    _signal_init                              - Undefined Weak Reference
    __Vectors_End                            0x000000c0   Data           0  arm_startup_nrf51.o(RESET)
    __Vectors_Size                           0x000000c0   Number         0  arm_startup_nrf51.o ABSOLUTE
    __main                                   0x000000c1   Thumb Code     8  __main.o(!!!main)
    __scatterload                            0x000000c9   Thumb Code     0  __scatter.o(!!!scatter)
    __scatterload_rt2                        0x000000c9   Thumb Code    52  __scatter.o(!!!scatter)
    __scatterload_rt2_thumb_only             0x000000c9   Thumb Code     0  __scatter.o(!!!scatter)
    __scatterload_null                       0x000000d9   Thumb Code     0  __scatter.o(!!!scatter)
    __scatterload_copy                       0x00000105   Thumb Code    26  __scatter_copy.o(!!handler_copy)
    __scatterload_zeroinit                   0x00000121   Thumb Code    28  __scatter_zi.o(!!handler_zi)
    _printf_percent                          0x0000013d   Thumb Code     0  _printf_percent.o(.ARM.Collect$$_printf_percent$$00000000)
    _printf_n                                0x0000013f   Thumb Code     0  _printf_n.o(.ARM.Collect$$_printf_percent$$00000001)
    _printf_p                                0x00000149   Thumb Code     0  _printf_p.o(.ARM.Collect$$_printf_percent$$00000002)
    _printf_f                                0x00000153   Thumb Code     0  _printf_f.o(.ARM.Collect$$_printf_percent$$00000003)
    _printf_e                                0x0000015d   Thumb Code     0  _printf_e.o(.ARM.Collect$$_printf_percent$$00000004)
    _printf_g                                0x00000167   Thumb Code     0  _printf_g.o(.ARM.Collect$$_printf_percent$$00000005)
    _printf_a                                0x00000171   Thumb Code     0  _printf_a.o(.ARM.Collect$$_printf_percent$$00000006)
    _printf_ll                               0x0000017b   Thumb Code     0  _printf_ll.o(.ARM.Collect$$_printf_percent$$00000007)
    _printf_i                                0x00000185   Thumb Code     0  _printf_i.o(.ARM.Collect$$_printf_percent$$00000008)
    _printf_d                                0x0000018f   Thumb Code     0  _printf_d.o(.ARM.Collect$$_printf_percent$$00000009)
    _printf_u                                0x00000199   Thumb Code     0  _printf_u.o(.ARM.Collect$$_printf_percent$$0000000A)
    _printf_o                                0x000001a3   Thumb Code     0  _printf_o.o(.ARM.Collect$$_printf_percent$$0000000B)
    _printf_x                                0x000001ad   Thumb Code     0  _printf_x.o(.ARM.Collect$$_printf_percent$$0000000C)
    _printf_lli                              0x000001b7   Thumb Code     0  _printf_lli.o(.ARM.Collect$$_printf_percent$$0000000D)
    _printf_lld                              0x000001c1   Thumb Code     0  _printf_lld.o(.ARM.Collect$$_printf_percent$$0000000E)
    _printf_llu                              0x000001cb   Thumb Code     0  _printf_llu.o(.ARM.Collect$$_printf_percent$$0000000F)
    _printf_llo                              0x000001d5   Thumb Code     0  _printf_llo.o(.ARM.Collect$$_printf_percent$$00000010)
    _printf_llx                              0x000001df   Thumb Code     0  _printf_llx.o(.ARM.Collect$$_printf_percent$$00000011)
    _printf_l                                0x000001e9   Thumb Code     0  _printf_l.o(.ARM.Collect$$_printf_percent$$00000012)
    _printf_c                                0x000001f3   Thumb Code     0  _printf_c.o(.ARM.Collect$$_printf_percent$$00000013)
    _printf_s                                0x000001fd   Thumb Code     0  _printf_s.o(.ARM.Collect$$_printf_percent$$00000014)
    _printf_lc                               0x00000207   Thumb Code     0  _printf_lc.o(.ARM.Collect$$_printf_percent$$00000015)
    _printf_ls                               0x00000211   Thumb Code     0  _printf_ls.o(.ARM.Collect$$_printf_percent$$00000016)
    _printf_percent_end                      0x0000021b   Thumb Code     0  _printf_percent_end.o(.ARM.Collect$$_printf_percent$$00000017)
    __rt_lib_init                            0x0000021f   Thumb Code     0  libinit.o(.ARM.Collect$$libinit$$00000000)
    __rt_lib_init_fp_1                       0x00000221   Thumb Code     0  libinit2.o(.ARM.Collect$$libinit$$00000001)
    __rt_lib_init_heap_2                     0x00000225   Thumb Code     0  libinit2.o(.ARM.Collect$$libinit$$00000003)
    __rt_lib_init_heap_1                     0x0000022d   Thumb Code     0  libinit2.o(.ARM.Collect$$libinit$$00000008)
    __rt_lib_init_lc_common                  0x0000022d   Thumb Code     0  libinit2.o(.ARM.Collect$$libinit$$0000000D)
    __rt_lib_init_rand_1                     0x0000022d   Thumb Code     0  libinit2.o(.ARM.Collect$$libinit$$0000000C)
    __rt_lib_init_user_alloc_1               0x0000022d   Thumb Code     0  libinit2.o(.ARM.Collect$$libinit$$0000000A)
    __rt_lib_init_lc_collate_1               0x00000233   Thumb Code     0  libinit2.o(.ARM.Collect$$libinit$$0000000F)
    __rt_lib_init_lc_ctype_2                 0x00000233   Thumb Code     0  libinit2.o(.ARM.Collect$$libinit$$00000010)
    __rt_lib_init_lc_ctype_1                 0x0000023f   Thumb Code     0  libinit2.o(.ARM.Collect$$libinit$$00000011)
    __rt_lib_init_lc_monetary_1              0x0000023f   Thumb Code     0  libinit2.o(.ARM.Collect$$libinit$$00000013)
    __rt_lib_init_lc_numeric_2               0x0000023f   Thumb Code     0  libinit2.o(.ARM.Collect$$libinit$$00000014)
    __rt_lib_init_atexit_1                   0x00000249   Thumb Code     0  libinit2.o(.ARM.Collect$$libinit$$00000019)
    __rt_lib_init_clock_1                    0x00000249   Thumb Code     0  libinit2.o(.ARM.Collect$$libinit$$0000001F)
    __rt_lib_init_fp_trap_1                  0x00000249   Thumb Code     0  libinit2.o(.ARM.Collect$$libinit$$0000001D)
    __rt_lib_init_getenv_1                   0x00000249   Thumb Code     0  libinit2.o(.ARM.Collect$$libinit$$00000021)
    __rt_lib_init_lc_numeric_1               0x00000249   Thumb Code     0  libinit2.o(.ARM.Collect$$libinit$$00000015)
    __rt_lib_init_lc_time_1                  0x00000249   Thumb Code     0  libinit2.o(.ARM.Collect$$libinit$$00000017)
    __rt_lib_init_signal_1                   0x00000249   Thumb Code     0  libinit2.o(.ARM.Collect$$libinit$$0000001B)
    __rt_lib_init_stdio_2                    0x00000249   Thumb Code     0  libinit2.o(.ARM.Collect$$libinit$$00000022)
    __rt_lib_init_alloca_1                   0x0000024d   Thumb Code     0  libinit2.o(.ARM.Collect$$libinit$$0000002C)
    __rt_lib_init_argv_1                     0x0000024d   Thumb Code     0  libinit2.o(.ARM.Collect$$libinit$$0000002A)
    __rt_lib_init_cpp_1                      0x0000024d   Thumb Code     0  libinit2.o(.ARM.Collect$$libinit$$00000030)
    __rt_lib_init_exceptions_1               0x0000024d   Thumb Code     0  libinit2.o(.ARM.Collect$$libinit$$0000002E)
    __rt_lib_init_return                     0x0000024d   Thumb Code     0  libinit2.o(.ARM.Collect$$libinit$$00000031)
    __rt_lib_init_stdio_1                    0x0000024d   Thumb Code     0  libinit2.o(.ARM.Collect$$libinit$$00000023)
    __rt_lib_shutdown                        0x0000024f   Thumb Code     0  libshutdown.o(.ARM.Collect$$libshutdown$$00000000)
    __rt_lib_shutdown_stdio_2                0x00000251   Thumb Code     0  libshutdown2.o(.ARM.Collect$$libshutdown$$00000002)
    __rt_lib_shutdown_fp_trap_1              0x00000255   Thumb Code     0  libshutdown2.o(.ARM.Collect$$libshutdown$$00000006)
    __rt_lib_shutdown_heap_1                 0x00000255   Thumb Code     0  libshutdown2.o(.ARM.Collect$$libshutdown$$0000000E)
    __rt_lib_shutdown_return                 0x00000255   Thumb Code     0  libshutdown2.o(.ARM.Collect$$libshutdown$$0000000F)
    __rt_lib_shutdown_signal_1               0x00000255   Thumb Code     0  libshutdown2.o(.ARM.Collect$$libshutdown$$00000009)
    __rt_lib_shutdown_stdio_1                0x00000255   Thumb Code     0  libshutdown2.o(.ARM.Collect$$libshutdown$$00000003)
    __rt_lib_shutdown_user_alloc_1           0x00000255   Thumb Code     0  libshutdown2.o(.ARM.Collect$$libshutdown$$0000000B)
    __rt_entry                               0x00000257   Thumb Code     0  rtentry.o(.ARM.Collect$$rtentry$$00000000)
    __rt_entry_presh_1                       0x00000257   Thumb Code     0  rtentry2.o(.ARM.Collect$$rtentry$$00000002)
    __rt_entry_sh                            0x00000257   Thumb Code     0  rtentry4.o(.ARM.Collect$$rtentry$$00000004)
    __rt_entry_li                            0x0000025d   Thumb Code     0  rtentry2.o(.ARM.Collect$$rtentry$$0000000A)
    __rt_entry_postsh_1                      0x0000025d   Thumb Code     0  rtentry2.o(.ARM.Collect$$rtentry$$00000009)
    __rt_entry_main                          0x00000261   Thumb Code     0  rtentry2.o(.ARM.Collect$$rtentry$$0000000D)
    __rt_entry_postli_1                      0x00000261   Thumb Code     0  rtentry2.o(.ARM.Collect$$rtentry$$0000000C)
    __rt_exit                                0x00000269   Thumb Code     0  rtexit.o(.ARM.Collect$$rtexit$$00000000)
    __rt_exit_ls                             0x0000026b   Thumb Code     0  rtexit2.o(.ARM.Collect$$rtexit$$00000003)
    __rt_exit_prels_1                        0x0000026b   Thumb Code     0  rtexit2.o(.ARM.Collect$$rtexit$$00000002)
    __rt_exit_exit                           0x0000026f   Thumb Code     0  rtexit2.o(.ARM.Collect$$rtexit$$00000004)
    __asm___11_nrf_delay_c_532987f3__nrf_delay_us 0x00000275   Thumb Code    30  nrf_delay.o(.emb_text)
    rt_set_PSP                               0x00000295   Thumb Code     6  hal_cm1.o(.emb_text)
    rt_get_PSP                               0x0000029b   Thumb Code     6  hal_cm1.o(.emb_text)
    os_set_env                               0x000002a1   Thumb Code    32  hal_cm1.o(.emb_text)
    _alloc_box                               0x000002c5   Thumb Code    28  hal_cm1.o(.emb_text)
    _free_box                                0x000002e5   Thumb Code    28  hal_cm1.o(.emb_text)
    SVC_Handler                              0x00000305   Thumb Code   152  hal_cm1.o(.emb_text)
    PendSV_Handler                           0x000003a9   Thumb Code    92  hal_cm1.o(.emb_text)
    SysTick_Handler                          0x00000409   Thumb Code     8  hal_cm1.o(.emb_text)
    OS_Tick_Handler                          0x00000411   Thumb Code    12  hal_cm1.o(.emb_text)
    __aeabi_memcpy4                          0x0000041d   Thumb Code    56  rt_memcpy.o(.emb_text)
    __aeabi_memcpy8                          0x0000041d   Thumb Code     0  rt_memcpy.o(.emb_text)
    _maybe_terminate_alloc                   0x00000455   Thumb Code     0  maybetermalloc1.o(.emb_text)
    clock_initialization                     0x00000455   Thumb Code    52  main.o(.text)
    __RL_RTX_VER                             0x00000473   Number         0  rt_system.o ABSOLUTE
    tx_packet                                0x00000489   Thumb Code    72  main.o(.text)
    init                                     0x000004d1   Thumb Code    26  main.o(.text)
    main                                     0x000004eb   Thumb Code    22  main.o(.text)
    os_idle_demon                            0x00000529   Thumb Code     4  rtx_conf_cm.o(.text)
    os_tmr_call                              0x0000052d   Thumb Code     2  rtx_conf_cm.o(.text)
    os_error                                 0x0000052f   Thumb Code     4  rtx_conf_cm.o(.text)
    __user_perthread_libspace                0x00000533   Thumb Code    26  rtx_conf_cm.o(.text)
    _mutex_initialize                        0x0000054d   Thumb Code    34  rtx_conf_cm.o(.text)
    _mutex_acquire                           0x0000056f   Thumb Code    24  rtx_conf_cm.o(.text)
    _mutex_release                           0x00000587   Thumb Code    22  rtx_conf_cm.o(.text)
    net_init                                 0x000005b9   Thumb Code    68  tasks.o(.text)
    Reset_W5500                              0x000005fd   Thumb Code    24  device.o(.text)
    reboot                                   0x00000615   Thumb Code     2  device.o(.text)
    set_network                              0x00000617   Thumb Code   134  device.o(.text)
    write_config_to_eeprom                   0x0000069d   Thumb Code    32  device.o(.text)
    set_default                              0x000006bd   Thumb Code   140  device.o(.text)
    get_config                               0x00000749   Thumb Code    86  device.o(.text)
    reset_DHCP_time                          0x00000805   Thumb Code    28  dhcp.o(.text)
    send_DHCP_DISCOVER                       0x00000821   Thumb Code   680  dhcp.o(.text)
    send_DHCP_REQUEST                        0x00000ac9   Thumb Code  1032  dhcp.o(.text)
    send_DHCP_RELEASE_DECLINE                0x00000ed1   Thumb Code   682  dhcp.o(.text)
    parseDHCPMSG                             0x0000117b   Thumb Code   368  dhcp.o(.text)
    check_DHCP_Timeout                       0x000012eb   Thumb Code   110  dhcp.o(.text)
    check_leasedIP                           0x00001359   Thumb Code    38  dhcp.o(.text)
    check_DHCP_state                         0x0000137f   Thumb Code   430  dhcp.o(.text)
    DHCP_timer_handler                       0x0000152d   Thumb Code    38  dhcp.o(.text)
    init_dhcp_client                         0x00001553   Thumb Code   138  dhcp.o(.text)
    inet_ntoa                                0x00001639   Thumb Code    40  sockutil.o(.text)
    inet_ntoa_pad                            0x00001661   Thumb Code    40  sockutil.o(.text)
    VerifyIPAddress_orig                     0x00001689   Thumb Code   110  sockutil.o(.text)
    VerifyIPAddress                          0x000016f7   Thumb Code   116  sockutil.o(.text)
    GetDestAddr                              0x0000176b   Thumb Code    38  sockutil.o(.text)
    GetDestPort                              0x00001791   Thumb Code    38  sockutil.o(.text)
    htons                                    0x000017b7   Thumb Code    12  sockutil.o(.text)
    htonl                                    0x000017c3   Thumb Code    12  sockutil.o(.text)
    ntohs                                    0x000017cf   Thumb Code    12  sockutil.o(.text)
    ntohl                                    0x000017db   Thumb Code    12  sockutil.o(.text)
    CheckDestInLocal                         0x000017e7   Thumb Code    68  sockutil.o(.text)
    getSocket                                0x0000182b   Thumb Code    42  sockutil.o(.text)
    checksum                                 0x00001855   Thumb Code    68  sockutil.o(.text)
    GetIPAddress                             0x00001899   Thumb Code    32  sockutil.o(.text)
    GetGWAddress                             0x000018b9   Thumb Code    30  sockutil.o(.text)
    GetSubMask                               0x000018d7   Thumb Code    32  sockutil.o(.text)
    GetMacAddress                            0x000018f7   Thumb Code    32  sockutil.o(.text)
    GetDestMacAddr                           0x00001917   Thumb Code    38  sockutil.o(.text)
    GetNetConfig                             0x0000193d   Thumb Code   132  sockutil.o(.text)
    spi_master_init                          0x00001b09   Thumb Code   250  spi_master.o(.text)
    spi_master_tx_rx                         0x00001c03   Thumb Code   134  spi_master.o(.text)
    Systick_Init                             0x00001cc5   Thumb Code     2  util.o(.text)
    Delay_ms                                 0x00001cc7   Thumb Code     2  util.o(.text)
    Delay_s                                  0x00001cc9   Thumb Code    22  util.o(.text)
    Delay_us                                 0x00001cdf   Thumb Code     2  util.o(.text)
    C2D                                      0x00001ce1   Thumb Code    54  util.o(.text)
    ATOI                                     0x00001d17   Thumb Code    34  util.o(.text)
    ATOI32                                   0x00001d39   Thumb Code    34  util.o(.text)
    itoa                                     0x00001d5b   Thumb Code    60  util.o(.text)
    ValidATOI                                0x00001d97   Thumb Code    70  util.o(.text)
    replacetochar                            0x00001ddd   Thumb Code    26  util.o(.text)
    swaps                                    0x00001df7   Thumb Code    16  util.o(.text)
    swapl                                    0x00001e07   Thumb Code    28  util.o(.text)
    mid                                      0x00001e23   Thumb Code    66  util.o(.text)
    inet_addr_                               0x00001e65   Thumb Code    86  util.o(.text)
    close                                    0x00001ec1   Thumb Code    52  socket.o(.text)
    socket                                   0x00001ef5   Thumb Code   206  socket.o(.text)
    listen                                   0x00001fc3   Thumb Code    62  socket.o(.text)
    connect                                  0x00002001   Thumb Code   248  socket.o(.text)
    disconnect                               0x000020f9   Thumb Code    38  socket.o(.text)
    send                                     0x0000211f   Thumb Code   218  socket.o(.text)
    recv                                     0x000021f9   Thumb Code    62  socket.o(.text)
    sendto                                   0x00002237   Thumb Code   318  socket.o(.text)
    recvfrom                                 0x00002375   Thumb Code   476  socket.o(.text)
    spi_w5500_init                           0x00002575   Thumb Code    18  w5500.o(.text)
    getISR                                   0x00002587   Thumb Code     8  w5500.o(.text)
    putISR                                   0x0000258f   Thumb Code     6  w5500.o(.text)
    getIINCHIP_RxMAX                         0x00002595   Thumb Code    10  w5500.o(.text)
    getIINCHIP_TxMAX                         0x0000259f   Thumb Code    10  w5500.o(.text)
    IINCHIP_CSoff                            0x000025a9   Thumb Code    14  w5500.o(.text)
    IINCHIP_CSon                             0x000025b7   Thumb Code    14  w5500.o(.text)
    IINCHIP_SpiSendData                      0x000025c5   Thumb Code    22  w5500.o(.text)
    IINCHIP_WRITE                            0x000025db   Thumb Code    60  w5500.o(.text)
    IINCHIP_READ                             0x00002617   Thumb Code    60  w5500.o(.text)
    wiz_write_buf                            0x00002653   Thumb Code    88  w5500.o(.text)
    wiz_read_buf                             0x000026ab   Thumb Code    86  w5500.o(.text)
    setMR                                    0x00002701   Thumb Code    14  w5500.o(.text)
    iinchip_init                             0x0000270f   Thumb Code    10  w5500.o(.text)
    sysinit                                  0x00002719   Thumb Code   306  w5500.o(.text)
    setGAR                                   0x0000284b   Thumb Code    16  w5500.o(.text)
    getGWIP                                  0x0000285b   Thumb Code    16  w5500.o(.text)
    setSUBR                                  0x0000286b   Thumb Code    18  w5500.o(.text)
    setSHAR                                  0x0000287d   Thumb Code    18  w5500.o(.text)
    setSIPR                                  0x0000288f   Thumb Code    18  w5500.o(.text)
    getGAR                                   0x000028a1   Thumb Code    16  w5500.o(.text)
    getSUBR                                  0x000028b1   Thumb Code    18  w5500.o(.text)
    getSHAR                                  0x000028c3   Thumb Code    18  w5500.o(.text)
    getSIPR                                  0x000028d5   Thumb Code    18  w5500.o(.text)
    getIR                                    0x000028e7   Thumb Code    12  w5500.o(.text)
    setRTR                                   0x000028f3   Thumb Code    32  w5500.o(.text)
    setRCR                                   0x00002913   Thumb Code    16  w5500.o(.text)
    clearIR                                  0x00002923   Thumb Code    26  w5500.o(.text)
    setSn_MSS                                0x0000293d   Thumb Code   100  w5500.o(.text)
    setSn_TTL                                0x000029a1   Thumb Code    20  w5500.o(.text)
    getSn_IR                                 0x000029b5   Thumb Code    18  w5500.o(.text)
    getSn_SR                                 0x000029c7   Thumb Code    18  w5500.o(.text)
    getSn_TX_FSR                             0x000029d9   Thumb Code    78  w5500.o(.text)
    getSn_RX_RSR                             0x00002a27   Thumb Code    78  w5500.o(.text)
    send_data_processing                     0x00002a75   Thumb Code   114  w5500.o(.text)
    recv_data_processing                     0x00002ae7   Thumb Code   114  w5500.o(.text)
    setSn_IR                                 0x00002b59   Thumb Code    22  w5500.o(.text)
    SystemCoreClockUpdate                    0x00002bd5   Thumb Code     8  system_nrf51.o(.text)
    SystemInit                               0x00002c6b   Thumb Code    38  system_nrf51.o(.text)
    Reset_Handler                            0x00002cad   Thumb Code    26  arm_startup_nrf51.o(.text)
    NMI_Handler                              0x00002cc7   Thumb Code     2  arm_startup_nrf51.o(.text)
    HardFault_Handler                        0x00002cc9   Thumb Code     2  arm_startup_nrf51.o(.text)
    ADC_IRQHandler                           0x00002cd1   Thumb Code     0  arm_startup_nrf51.o(.text)
    CCM_AAR_IRQHandler                       0x00002cd1   Thumb Code     0  arm_startup_nrf51.o(.text)
    ECB_IRQHandler                           0x00002cd1   Thumb Code     0  arm_startup_nrf51.o(.text)
    GPIOTE_IRQHandler                        0x00002cd1   Thumb Code     0  arm_startup_nrf51.o(.text)
    LPCOMP_IRQHandler                        0x00002cd1   Thumb Code     0  arm_startup_nrf51.o(.text)
    POWER_CLOCK_IRQHandler                   0x00002cd1   Thumb Code     0  arm_startup_nrf51.o(.text)
    QDEC_IRQHandler                          0x00002cd1   Thumb Code     0  arm_startup_nrf51.o(.text)
    RADIO_IRQHandler                         0x00002cd1   Thumb Code     0  arm_startup_nrf51.o(.text)
    RNG_IRQHandler                           0x00002cd1   Thumb Code     0  arm_startup_nrf51.o(.text)
    RTC0_IRQHandler                          0x00002cd1   Thumb Code     0  arm_startup_nrf51.o(.text)
    RTC1_IRQHandler                          0x00002cd1   Thumb Code     0  arm_startup_nrf51.o(.text)
    SPI0_TWI0_IRQHandler                     0x00002cd1   Thumb Code     0  arm_startup_nrf51.o(.text)
    SPI1_TWI1_IRQHandler                     0x00002cd1   Thumb Code     0  arm_startup_nrf51.o(.text)
    SWI0_IRQHandler                          0x00002cd1   Thumb Code     0  arm_startup_nrf51.o(.text)
    SWI1_IRQHandler                          0x00002cd1   Thumb Code     0  arm_startup_nrf51.o(.text)
    SWI2_IRQHandler                          0x00002cd1   Thumb Code     0  arm_startup_nrf51.o(.text)
    SWI3_IRQHandler                          0x00002cd1   Thumb Code     0  arm_startup_nrf51.o(.text)
    SWI4_IRQHandler                          0x00002cd1   Thumb Code     0  arm_startup_nrf51.o(.text)
    SWI5_IRQHandler                          0x00002cd1   Thumb Code     0  arm_startup_nrf51.o(.text)
    TEMP_IRQHandler                          0x00002cd1   Thumb Code     0  arm_startup_nrf51.o(.text)
    TIMER0_IRQHandler                        0x00002cd1   Thumb Code     0  arm_startup_nrf51.o(.text)
    TIMER1_IRQHandler                        0x00002cd1   Thumb Code     0  arm_startup_nrf51.o(.text)
    TIMER2_IRQHandler                        0x00002cd1   Thumb Code     0  arm_startup_nrf51.o(.text)
    UART0_IRQHandler                         0x00002cd1   Thumb Code     0  arm_startup_nrf51.o(.text)
    WDT_IRQHandler                           0x00002cd1   Thumb Code     0  arm_startup_nrf51.o(.text)
    __user_initial_stackheap                 0x00002cd5   Thumb Code     0  arm_startup_nrf51.o(.text)
    radio_configure                          0x00002d4f   Thumb Code   174  radio_config.o(.text)
    app_tx_data                              0x00002dfd   Thumb Code    68  radio_config.o(.text)
    app_rx_data                              0x00002e41   Thumb Code    80  radio_config.o(.text)
    nrf_delay_ms                             0x00002eb5   Thumb Code    24  nrf_delay.o(.text)
    __user_libspace                          0x00002ed1   Thumb Code     8  libspace.o(.text)
    __user_perproc_libspace                  0x00002ed1   Thumb Code     0  libspace.o(.text)
    printf                                   0x00002ed9   Thumb Code    22  printf.o(.text)
    __2printf                                0x00002ef5   Thumb Code    22  __2printf.o(.text)
    __2sprintf                               0x00002f11   Thumb Code    40  __2sprintf.o(.text)
    _printf_pre_padding                      0x00002f3d   Thumb Code    44  _printf_pad.o(.text)
    _printf_post_padding                     0x00002f69   Thumb Code    34  _printf_pad.o(.text)
    _printf_str                              0x00002f8b   Thumb Code    82  _printf_str.o(.text)
    _printf_int_dec                          0x00002fdd   Thumb Code    90  _printf_dec.o(.text)
    _printf_longlong_hex                     0x00003049   Thumb Code    88  _printf_hex_int_ll_ptr.o(.text)
    _printf_int_hex                          0x000030a1   Thumb Code    28  _printf_hex_int_ll_ptr.o(.text)
    _printf_ll_hex                           0x000030bd   Thumb Code    10  _printf_hex_int_ll_ptr.o(.text)
    _printf_hex_ptr                          0x000030c7   Thumb Code    22  _printf_hex_int_ll_ptr.o(.text)
    __printf                                 0x000030e1   Thumb Code   386  __printf_flags_ss_wp.o(.text)
    strtok                                   0x00003269   Thumb Code    10  strtok.o(.text)
    strstr                                   0x00003279   Thumb Code    40  strstr.o(.text)
    memcmp                                   0x000032a1   Thumb Code    90  memcmp.o(.text)
    strcpy                                   0x000032fd   Thumb Code    70  strcpy.o(.text)
    strlen                                   0x00003349   Thumb Code    62  strlen.o(.text)
    __aeabi_memcpy                           0x0000338d   Thumb Code   130  rt_memcpy.o(.text)
    __rt_memcpy                              0x0000338d   Thumb Code     0  rt_memcpy.o(.text)
    __aeabi_memset                           0x0000340f   Thumb Code    18  aeabi_memset.o(.text)
    _memset_w                                0x00003421   Thumb Code    26  rt_memclr.o(.text)
    _memset                                  0x0000343b   Thumb Code    30  rt_memclr.o(.text)
    __aeabi_memclr                           0x00003459   Thumb Code     4  rt_memclr.o(.text)
    __rt_memclr                              0x00003459   Thumb Code     0  rt_memclr.o(.text)
    __aeabi_memclr4                          0x0000345d   Thumb Code     0  rt_memclr.o(.text)
    __aeabi_memclr8                          0x0000345d   Thumb Code     0  rt_memclr.o(.text)
    __rt_memclr_w                            0x0000345d   Thumb Code     4  rt_memclr.o(.text)
    strncpy                                  0x00003461   Thumb Code   104  strncpy.o(.text)
    __aeabi_uidiv                            0x000034cd   Thumb Code     0  aeabi_sdiv.o(.text)
    __aeabi_uidivmod                         0x000034cd   Thumb Code    20  aeabi_sdiv.o(.text)
    __aeabi_idiv                             0x000034e1   Thumb Code     0  aeabi_sdiv.o(.text)
    __aeabi_idivmod                          0x000034e1   Thumb Code   326  aeabi_sdiv.o(.text)
    __use_two_region_memory                  0x00003627   Thumb Code     2  heapauxi.o(.text)
    __rt_heap_escrow                         0x00003629   Thumb Code     2  heapauxi.o(.text)
    __rt_heap_expand                         0x0000362b   Thumb Code     2  heapauxi.o(.text)
    _printf_truncate_signed                  0x0000362d   Thumb Code    18  _printf_truncate.o(.text)
    _printf_truncate_unsigned                0x0000363f   Thumb Code    18  _printf_truncate.o(.text)
    _printf_int_common                       0x00003651   Thumb Code   176  _printf_intcommon.o(.text)
    _printf_charcount                        0x00003701   Thumb Code    40  _printf_charcount.o(.text)
    _printf_char_common                      0x00003733   Thumb Code    32  _printf_char_common.o(.text)
    _sputc                                   0x00003759   Thumb Code    10  _sputc.o(.text)
    _printf_cs_common                        0x00003763   Thumb Code    22  _printf_char.o(.text)
    _printf_char                             0x00003779   Thumb Code    16  _printf_char.o(.text)
    _printf_string                           0x00003789   Thumb Code     8  _printf_char.o(.text)
    _printf_wctomb                           0x00003791   Thumb Code   182  _printf_wctomb.o(.text)
    _printf_longlong_dec                     0x0000384d   Thumb Code    94  _printf_longlong_dec.o(.text)
    _printf_longlong_oct                     0x000038bd   Thumb Code    68  _printf_oct_int_ll.o(.text)
    _printf_int_oct                          0x00003901   Thumb Code    24  _printf_oct_int_ll.o(.text)
    _printf_ll_oct                           0x00003919   Thumb Code    10  _printf_oct_int_ll.o(.text)
    __strtok_internal                        0x0000392d   Thumb Code    66  strtok_int.o(.text)
    __rt_udiv10                              0x00003975   Thumb Code    40  rtudiv10.o(.text)
    _ll_udiv10                               0x0000399d   Thumb Code   122  lludiv10.o(.text)
    __lib_sel_fp_printf                      0x00003a19   Thumb Code     2  _printf_fp_dec.o(.text)
    _printf_fp_dec_real                      0x00003bb7   Thumb Code   618  _printf_fp_dec.o(.text)
    _printf_fp_hex_real                      0x00003e2d   Thumb Code   712  _printf_fp_hex.o(.text)
    _printf_lcs_common                       0x000040fd   Thumb Code    22  _printf_wchar.o(.text)
    _printf_wchar                            0x00004113   Thumb Code    16  _printf_wchar.o(.text)
    _printf_wstring                          0x00004123   Thumb Code     8  _printf_wchar.o(.text)
    _initio                                  0x0000412d   Thumb Code   246  initio_locked.o(.text)
    _terminateio                             0x00004223   Thumb Code   164  initio_locked.o(.text)
    _wcrtomb                                 0x000042f9   Thumb Code    68  _wcrtomb.o(.text)
    strcspn                                  0x0000433d   Thumb Code    34  strcspn.o(.text)
    strspn                                   0x0000435f   Thumb Code    32  strspn.o(.text)
    _sys_open                                0x0000437f   Thumb Code    20  sys_io.o(.text)
    _sys_close                               0x00004393   Thumb Code    12  sys_io.o(.text)
    _sys_write                               0x0000439f   Thumb Code    16  sys_io.o(.text)
    _sys_read                                0x000043af   Thumb Code    14  sys_io.o(.text)
    _sys_istty                               0x000043bd   Thumb Code    12  sys_io.o(.text)
    _sys_seek                                0x000043c9   Thumb Code    14  sys_io.o(.text)
    _sys_ensure                              0x000043d7   Thumb Code     2  sys_io.o(.text)
    _sys_flen                                0x000043d9   Thumb Code    12  sys_io.o(.text)
    __user_setup_stackheap                   0x000043e5   Thumb Code    62  sys_stackheap_outer.o(.text)
    __rt_ctype_table                         0x00004425   Thumb Code    16  rt_ctype_table.o(.text)
    __rt_locale                              0x00004435   Thumb Code    10  rt_locale_twolibspace.o(.text)
    _free_internal                           0x0000443f   Thumb Code    96  h1_free_mt.o(.text)
    free                                     0x0000449f   Thumb Code    20  h1_free_mt.o(.text)
    _printf_fp_infnan                        0x000044b5   Thumb Code   120  _printf_fp_infnan.o(.text)
    _btod_etento                             0x0000453d   Thumb Code   200  bigflt0.o(.text)
    _btod_d2e                                0x00004609   Thumb Code    64  btod.o(.text)
    _btod_emul                               0x000049ff   Thumb Code    24  btod.o(.text)
    _btod_emuld                              0x00004a17   Thumb Code    60  btod.o(.text)
    _btod_ediv                               0x00004a53   Thumb Code    22  btod.o(.text)
    _btod_edivd                              0x00004a69   Thumb Code    60  btod.o(.text)
    __flsbuf                                 0x00004ab1   Thumb Code   486  flsbuf.o(.text)
    __flsbuf_byte                            0x00004ab1   Thumb Code     0  flsbuf.o(.text)
    __flsbuf_wide                            0x00004ab1   Thumb Code     0  flsbuf.o(.text)
    _fclose_internal                         0x00004ca1   Thumb Code    72  fclose.o(.text)
    fclose                                   0x00004ca1   Thumb Code     0  fclose.o(.text)
    setvbuf                                  0x00004ced   Thumb Code   104  setvbuf_locked.o(.text)
    freopen                                  0x00004e01   Thumb Code    38  fopen_locked.o(.text)
    _fopen$locked                            0x00004e27   Thumb Code   102  fopen_locked.o(.text)
    exit                                     0x00004e99   Thumb Code    12  exit.o(.text)
    __rt_SIGRTRED                            0x00004ea5   Thumb Code    12  defsig_rtred_outer.o(.text)
    __I$use$semihosting                      0x00004eb1   Thumb Code     0  use_no_semi.o(.text)
    __use_no_semihosting_swi                 0x00004eb1   Thumb Code     2  use_no_semi.o(.text)
    __rt_heap_descriptor                     0x00004eb3   Thumb Code    10  rt_heap_descriptor_twolibspace.o(.text)
    __semihosting_library_function           0x00004eb3   Thumb Code     0  indicate_semi.o(.text)
    __use_no_heap                            0x00004ebd   Thumb Code     2  hguard.o(.text)
    __heap$guard                             0x00004ebf   Thumb Code     2  hguard.o(.text)
    _terminate_user_alloc                    0x00004ec1   Thumb Code     2  init_alloc.o(.text)
    _init_user_alloc                         0x00004ec3   Thumb Code     2  init_alloc.o(.text)
    __Heap_Full                              0x00004ec5   Thumb Code    32  init_alloc.o(.text)
    __Heap_Broken                            0x00004ee5   Thumb Code    10  init_alloc.o(.text)
    _init_alloc                              0x00004eef   Thumb Code    90  init_alloc.o(.text)
    _malloc_internal                         0x00004f51   Thumb Code   126  h1_alloc_mt.o(.text)
    malloc                                   0x00004fcf   Thumb Code    20  h1_alloc_mt.o(.text)
    _printf_char_file                        0x00004fe5   Thumb Code    54  _printf_char_file_locked.o(.text)
    _fseek                                   0x00005021   Thumb Code   240  fseek.o(.text)
    fseek                                    0x00005021   Thumb Code     0  fseek.o(.text)
    _seterr                                  0x00005115   Thumb Code    20  stdio.o(.text)
    _writebuf                                0x00005129   Thumb Code    76  stdio.o(.text)
    _fflush                                  0x00005175   Thumb Code    76  stdio.o(.text)
    _deferredlazyseek                        0x000051c1   Thumb Code    60  stdio.o(.text)
    __sig_exit                               0x00005205   Thumb Code    12  defsig_exit.o(.text)
    __rt_SIGRTRED_inner                      0x00005211   Thumb Code    14  defsig_rtred_inner.o(.text)
    strcmp                                   0x00005245   Thumb Code   132  strcmp.o(.text)
    _sys_exit                                0x000052cd   Thumb Code     8  sys_exit.o(.text)
    __Heap_Initialize                        0x000052d9   Thumb Code    18  h1_init_mt.o(.text)
    __Heap_DescSize                          0x000052eb   Thumb Code     4  h1_init_mt.o(.text)
    __Heap_ProvideMemory                     0x000052ef   Thumb Code    54  h1_extend_mt.o(.text)
    _ftell_internal                          0x00005325   Thumb Code    66  ftell.o(.text)
    ftell                                    0x00005325   Thumb Code     0  ftell.o(.text)
    __default_signal_display                 0x00005367   Thumb Code    52  defsig_general.o(.text)
    __rt_SIGRTMEM                            0x0000539b   Thumb Code    12  defsig_rtmem_outer.o(.text)
    _ttywrch                                 0x000053a7   Thumb Code    12  sys_wrch.o(.text)
    __aeabi_errno_addr                       0x000053b3   Thumb Code     8  rt_errno_addr_twolibspace.o(.text)
    __errno$twolibspace                      0x000053b3   Thumb Code     0  rt_errno_addr_twolibspace.o(.text)
    __rt_errno_addr$twolibspace              0x000053b3   Thumb Code     0  rt_errno_addr_twolibspace.o(.text)
    __rt_SIGRTMEM_inner                      0x000053bd   Thumb Code    22  defsig_rtmem_inner.o(.text)
    SVC_Count                                0x0000540c   Data           4  SVC_Table.o(SVC_TABLE)
    SVC_Table                                0x00005410   Data           0  SVC_Table.o(SVC_TABLE)
    __ARM_common_ll_muluu                    0x00005411   Thumb Code    48  btod.o(i.__ARM_common_ll_muluu)
    __ARM_common_switch8                     0x00005441   Thumb Code    28  dhcp.o(i.__ARM_common_switch8)
    __ARM_fpclassify                         0x0000545d   Thumb Code    38  fpclassify.o(i.__ARM_fpclassify)
    _init_box                                0x00005489   Thumb Code    72  rt_membox.o(i._init_box)
    _is_digit                                0x000054d1   Thumb Code    14  __printf_wp.o(i._is_digit)
    _fputc$unlocked                          0x000054df   Thumb Code    30  fputc.o(i.fputc)
    os_tick_init                             0x000054fd   Thumb Code    32  rt_system.o(i.os_tick_init)
    os_tick_irqack                           0x00005529   Thumb Code     2  rt_system.o(i.os_tick_irqack)
    rt_alloc_box                             0x0000552b   Thumb Code    30  rt_membox.o(i.rt_alloc_box)
    rt_block                                 0x00005549   Thumb Code    42  rt_task.o(i.rt_block)
    rt_chk_robin                             0x00005581   Thumb Code    56  rt_robin.o(i.rt_chk_robin)
    rt_dec_dly                               0x000055c5   Thumb Code   112  rt_list.o(i.rt_dec_dly)
    rt_dispatch                              0x0000563d   Thumb Code    56  rt_task.o(i.rt_dispatch)
    rt_evt_psh                               0x0000567d   Thumb Code    70  rt_event.o(i.rt_evt_psh)
    rt_free_box                              0x000056c9   Thumb Code    38  rt_membox.o(i.rt_free_box)
    rt_get_first                             0x000056ef   Thumb Code    42  rt_list.o(i.rt_get_first)
    rt_init_robin                            0x00005761   Thumb Code    14  rt_robin.o(i.rt_init_robin)
    rt_init_stack                            0x00005779   Thumb Code    68  hal_cm1.o(i.rt_init_stack)
    rt_mbx_psh                               0x000057c5   Thumb Code   168  rt_mailbox.o(i.rt_mbx_psh)
    rt_mut_init                              0x00005871   Thumb Code    16  rt_mutex.o(i.rt_mut_init)
    rt_mut_release                           0x00005881   Thumb Code   218  rt_mutex.o(i.rt_mut_release)
    rt_mut_wait                              0x00005965   Thumb Code   106  rt_mutex.o(i.rt_mut_wait)
    rt_pop_req                               0x000059d5   Thumb Code   100  rt_system.o(i.rt_pop_req)
    rt_put_dly                               0x00005a45   Thumb Code    74  rt_list.o(i.rt_put_dly)
    rt_put_prio                              0x00005a95   Thumb Code    60  rt_list.o(i.rt_put_prio)
    rt_put_rdy_first                         0x00005ad1   Thumb Code    14  rt_list.o(i.rt_put_rdy_first)
    rt_resort_prio                           0x00005ae5   Thumb Code    44  rt_list.o(i.rt_resort_prio)
    rt_rmv_dly                               0x00005b15   Thumb Code    42  rt_list.o(i.rt_rmv_dly)
    rt_rmv_list                              0x00005b41   Thumb Code    46  rt_list.o(i.rt_rmv_list)
    rt_sem_psh                               0x00005b75   Thumb Code    46  rt_semaphore.o(i.rt_sem_psh)
    rt_stk_check                             0x00005ba9   Thumb Code    30  rt_system.o(i.rt_stk_check)
    rt_switch_req                            0x00005bd1   Thumb Code    10  rt_task.o(i.rt_switch_req)
    rt_sys_init                              0x00005be1   Thumb Code   230  rt_task.o(i.rt_sys_init)
    rt_systick                               0x00005d19   Thumb Code    48  rt_system.o(i.rt_systick)
    rt_tmr_tick                              0x00005d55   Thumb Code    56  rt_timer.o(i.rt_tmr_tick)
    rt_tsk_create                            0x00005d95   Thumb Code   108  rt_task.o(i.rt_tsk_create)
    rt_tsk_delete                            0x00005e11   Thumb Code   294  rt_task.o(i.rt_tsk_delete)
    rt_tsk_self                              0x00005f51   Thumb Code    12  rt_task.o(i.rt_tsk_self)
    _get_lc_numeric                          0x00005f61   Thumb Code    44  lc_numeric_c.o(locale$$code)
    _get_lc_ctype                            0x00005f8d   Thumb Code    44  lc_ctype_c.o(locale$$code)
    _printf_fp_dec                           0x00005fb9   Thumb Code    16  printf1.o(x$fpl$printf1)
    _printf_fp_hex                           0x00005fc9   Thumb Code    16  printf2.o(x$fpl$printf2)
    __I$use$fp                               0x00005fd8   Number         0  usenofp.o(x$fpl$usenofp)
    os_maxtaskrun                            0x00005fd8   Data           2  rtx_conf_cm.o(.constdata)
    os_stackinfo                             0x00005fdc   Data           4  rtx_conf_cm.o(.constdata)
    os_rrobin                                0x00005fe0   Data           4  rtx_conf_cm.o(.constdata)
    os_trv                                   0x00005fe4   Data           4  rtx_conf_cm.o(.constdata)
    os_flags                                 0x00005fe8   Data           1  rtx_conf_cm.o(.constdata)
    os_clockrate                             0x00005fec   Data           4  rtx_conf_cm.o(.constdata)
    os_timernum                              0x00005ff0   Data           4  rtx_conf_cm.o(.constdata)
    mp_tcb_size                              0x00005ff4   Data           2  rtx_conf_cm.o(.constdata)
    mp_stk_size                              0x00005ff8   Data           4  rtx_conf_cm.o(.constdata)
    os_fifo_size                             0x00005ffc   Data           1  rtx_conf_cm.o(.constdata)
    mp_tmr_size                              0x00005ffe   Data           2  rtx_conf_cm.o(.constdata)
    RL_RTX_Version                           0x00006000   Data           4  rt_system.o(.constdata)
    __stdin_name                             0x0000606e   Data           4  sys_io.o(.constdata)
    __stdout_name                            0x00006072   Data           4  sys_io.o(.constdata)
    __stderr_name                            0x00006076   Data           4  sys_io.o(.constdata)
    Region$$Table$$Base                      0x00006118   Number         0  anon$$obj.o(Region$$Table)
    Region$$Table$$Limit                     0x00006138   Number         0  anon$$obj.o(Region$$Table)
    __ctype                                  0x00006161   Data           0  lc_ctype_c.o(locale$$data)
    m_tmr                                    0x20000004   Data           4  rtx_conf_cm.o(.data)
    t_net_init                               0x2000000c   Data           4  tasks.o(.data)
    txsize                                   0x20000010   Data           8  device.o(.data)
    rxsize                                   0x20000018   Data           8  device.o(.data)
    SRC_MAC_ADDR                             0x20000020   Data           4  dhcp.o(.data)
    GET_SN_MASK                              0x20000024   Data           4  dhcp.o(.data)
    GET_GW_IP                                0x20000028   Data           4  dhcp.o(.data)
    GET_DNS_IP                               0x2000002c   Data           4  dhcp.o(.data)
    DHCP_HOST_NAME                           0x20000030   Data           4  dhcp.o(.data)
    GET_SIP                                  0x20000034   Data           4  dhcp.o(.data)
    DHCP_SIP                                 0x20000038   Data           4  dhcp.o(.data)
    DHCP_REAL_SIP                            0x2000003c   Data           4  dhcp.o(.data)
    dhcp_state                               0x20000040   Data           1  dhcp.o(.data)
    dhcp_retry_count                         0x20000041   Data           1  dhcp.o(.data)
    DHCP_timeout                             0x20000042   Data           1  dhcp.o(.data)
    dhcp_time                                0x20000044   Data           4  dhcp.o(.data)
    next_dhcp_time                           0x20000048   Data           4  dhcp.o(.data)
    dhcp_tick_cnt                            0x2000004c   Data           4  dhcp.o(.data)
    DHCP_XID                                 0x20000050   Data           4  dhcp.o(.data)
    pRIPMSG                                  0x20000054   Data           4  dhcp.o(.data)
    OLD_SIP                                  0x20000058   Data           4  dhcp.o(.data)
    dhcp_lease_time                          0x2000005c   Data           4  dhcp.o(.data)
    DHCP_timer                               0x20000060   Data           1  dhcp.o(.data)
    SystemCoreClock                          0x20000070   Data           4  system_nrf51.o(.data)
    os_tsk                                   0x20000074   Data           8  rt_task.o(.data)
    os_tick_irqn                             0x20000080   Data           4  rt_system.o(.data)
    os_robin                                 0x20000084   Data           8  rt_robin.o(.data)
    os_time                                  0x2000008c   Data           4  rt_time.o(.data)
    os_tmr                                   0x20000090   Data           8  rt_timer.o(.data)
    __aeabi_stdin                            0x2000009c   Data           4  stdio_streams.o(.data)
    __aeabi_stdout                           0x200000a0   Data           4  stdio_streams.o(.data)
    __aeabi_stderr                           0x200000a4   Data           4  stdio_streams.o(.data)
    _stream_list_lock                        0x200000a8   Data           4  streamlock.o(.data)
    mp_tcb                                   0x200000b0   Data         348  rtx_conf_cm.o(.bss)
    mp_stk                                   0x20000210   Data        3600  rtx_conf_cm.o(.bss)
    os_fifo                                  0x20001020   Data         132  rtx_conf_cm.o(.bss)
    os_active_TCB                            0x200010a4   Data          24  rtx_conf_cm.o(.bss)
    ConfigMsg                                0x2000137c   Data          33  device.o(.bss)
    RecvMsg                                  0x2000139d   Data          33  device.o(.bss)
    pub_buf                                  0x200013be   Data        1460  device.o(.bss)
    EXTERN_DHCPBUF                           0x20001972   Data        1024  dhcp.o(.bss)
    os_idle_TCB                              0x20001dc4   Data          56  rt_task.o(.bss)
    os_rdy                                   0x20001dfc   Data          24  rt_list.o(.bss)
    os_dly                                   0x20001e14   Data          24  rt_list.o(.bss)
    __libspace_start                         0x20001e2c   Data          96  libspace.o(.bss)
    __stdin                                  0x20001e8c   Data          84  stdio_streams.o(.bss)
    __temporary_stack_top$libspace           0x20001e8c   Data           0  libspace.o(.bss)
    __stdout                                 0x20001ee0   Data          84  stdio_streams.o(.bss)
    __stderr                                 0x20001f34   Data          84  stdio_streams.o(.bss)



==============================================================================

Memory Map of the image

  Image Entry point : 0x000000c1

  Load Region LR_IROM1 (Base: 0x00000000, Size: 0x00006310, Max: 0x00040000, ABSOLUTE)

    Execution Region ER_IROM1 (Base: 0x00000000, Size: 0x00006264, Max: 0x00040000, ABSOLUTE)

    Base Addr    Size         Type   Attr      Idx    E Section Name        Object

    0x00000000   0x000000c0   Data   RO          505    RESET               arm_startup_nrf51.o
    0x000000c0   0x00000008   Code   RO         1234  * !!!main             c_p.l(__main.o)
    0x000000c8   0x0000003c   Code   RO         1681    !!!scatter          c_p.l(__scatter.o)
    0x00000104   0x0000001a   Code   RO         1683    !!handler_copy      c_p.l(__scatter_copy.o)
    0x0000011e   0x00000002   PAD
    0x00000120   0x0000001c   Code   RO         1685    !!handler_zi        c_p.l(__scatter_zi.o)
    0x0000013c   0x00000002   Code   RO         1206    .ARM.Collect$$_printf_percent$$00000000  c_p.l(_printf_percent.o)
    0x0000013e   0x0000000a   Code   RO         1267    .ARM.Collect$$_printf_percent$$00000001  c_p.l(_printf_n.o)
    0x00000148   0x0000000a   Code   RO         1268    .ARM.Collect$$_printf_percent$$00000002  c_p.l(_printf_p.o)
    0x00000152   0x0000000a   Code   RO         1272    .ARM.Collect$$_printf_percent$$00000003  c_p.l(_printf_f.o)
    0x0000015c   0x0000000a   Code   RO         1273    .ARM.Collect$$_printf_percent$$00000004  c_p.l(_printf_e.o)
    0x00000166   0x0000000a   Code   RO         1274    .ARM.Collect$$_printf_percent$$00000005  c_p.l(_printf_g.o)
    0x00000170   0x0000000a   Code   RO         1275    .ARM.Collect$$_printf_percent$$00000006  c_p.l(_printf_a.o)
    0x0000017a   0x0000000a   Code   RO         1280    .ARM.Collect$$_printf_percent$$00000007  c_p.l(_printf_ll.o)
    0x00000184   0x0000000a   Code   RO         1270    .ARM.Collect$$_printf_percent$$00000008  c_p.l(_printf_i.o)
    0x0000018e   0x0000000a   Code   RO         1205    .ARM.Collect$$_printf_percent$$00000009  c_p.l(_printf_d.o)
    0x00000198   0x0000000a   Code   RO         1271    .ARM.Collect$$_printf_percent$$0000000A  c_p.l(_printf_u.o)
    0x000001a2   0x0000000a   Code   RO         1269    .ARM.Collect$$_printf_percent$$0000000B  c_p.l(_printf_o.o)
    0x000001ac   0x0000000a   Code   RO         1204    .ARM.Collect$$_printf_percent$$0000000C  c_p.l(_printf_x.o)
    0x000001b6   0x0000000a   Code   RO         1277    .ARM.Collect$$_printf_percent$$0000000D  c_p.l(_printf_lli.o)
    0x000001c0   0x0000000a   Code   RO         1278    .ARM.Collect$$_printf_percent$$0000000E  c_p.l(_printf_lld.o)
    0x000001ca   0x0000000a   Code   RO         1279    .ARM.Collect$$_printf_percent$$0000000F  c_p.l(_printf_llu.o)
    0x000001d4   0x0000000a   Code   RO         1284    .ARM.Collect$$_printf_percent$$00000010  c_p.l(_printf_llo.o)
    0x000001de   0x0000000a   Code   RO         1285    .ARM.Collect$$_printf_percent$$00000011  c_p.l(_printf_llx.o)
    0x000001e8   0x0000000a   Code   RO         1281    .ARM.Collect$$_printf_percent$$00000012  c_p.l(_printf_l.o)
    0x000001f2   0x0000000a   Code   RO         1266    .ARM.Collect$$_printf_percent$$00000013  c_p.l(_printf_c.o)
    0x000001fc   0x0000000a   Code   RO         1203    .ARM.Collect$$_printf_percent$$00000014  c_p.l(_printf_s.o)
    0x00000206   0x0000000a   Code   RO         1282    .ARM.Collect$$_printf_percent$$00000015  c_p.l(_printf_lc.o)
    0x00000210   0x0000000a   Code   RO         1283    .ARM.Collect$$_printf_percent$$00000016  c_p.l(_printf_ls.o)
    0x0000021a   0x00000004   Code   RO         1276    .ARM.Collect$$_printf_percent$$00000017  c_p.l(_printf_percent_end.o)
    0x0000021e   0x00000002   Code   RO         1465    .ARM.Collect$$libinit$$00000000  c_p.l(libinit.o)
    0x00000220   0x00000004   Code   RO         1466    .ARM.Collect$$libinit$$00000001  c_p.l(libinit2.o)
    0x00000224   0x00000008   Code   RO         1468    .ARM.Collect$$libinit$$00000003  c_p.l(libinit2.o)
    0x0000022c   0x00000000   Code   RO         1470    .ARM.Collect$$libinit$$00000008  c_p.l(libinit2.o)
    0x0000022c   0x00000000   Code   RO         1472    .ARM.Collect$$libinit$$0000000A  c_p.l(libinit2.o)
    0x0000022c   0x00000000   Code   RO         1474    .ARM.Collect$$libinit$$0000000C  c_p.l(libinit2.o)
    0x0000022c   0x00000006   Code   RO         1475    .ARM.Collect$$libinit$$0000000D  c_p.l(libinit2.o)
    0x00000232   0x00000000   Code   RO         1477    .ARM.Collect$$libinit$$0000000F  c_p.l(libinit2.o)
    0x00000232   0x0000000c   Code   RO         1478    .ARM.Collect$$libinit$$00000010  c_p.l(libinit2.o)
    0x0000023e   0x00000000   Code   RO         1479    .ARM.Collect$$libinit$$00000011  c_p.l(libinit2.o)
    0x0000023e   0x00000000   Code   RO         1481    .ARM.Collect$$libinit$$00000013  c_p.l(libinit2.o)
    0x0000023e   0x0000000a   Code   RO         1482    .ARM.Collect$$libinit$$00000014  c_p.l(libinit2.o)
    0x00000248   0x00000000   Code   RO         1483    .ARM.Collect$$libinit$$00000015  c_p.l(libinit2.o)
    0x00000248   0x00000000   Code   RO         1485    .ARM.Collect$$libinit$$00000017  c_p.l(libinit2.o)
    0x00000248   0x00000000   Code   RO         1487    .ARM.Collect$$libinit$$00000019  c_p.l(libinit2.o)
    0x00000248   0x00000000   Code   RO         1489    .ARM.Collect$$libinit$$0000001B  c_p.l(libinit2.o)
    0x00000248   0x00000000   Code   RO         1491    .ARM.Collect$$libinit$$0000001D  c_p.l(libinit2.o)
    0x00000248   0x00000000   Code   RO         1493    .ARM.Collect$$libinit$$0000001F  c_p.l(libinit2.o)
    0x00000248   0x00000000   Code   RO         1495    .ARM.Collect$$libinit$$00000021  c_p.l(libinit2.o)
    0x00000248   0x00000004   Code   RO         1496    .ARM.Collect$$libinit$$00000022  c_p.l(libinit2.o)
    0x0000024c   0x00000000   Code   RO         1497    .ARM.Collect$$libinit$$00000023  c_p.l(libinit2.o)
    0x0000024c   0x00000000   Code   RO         1501    .ARM.Collect$$libinit$$0000002A  c_p.l(libinit2.o)
    0x0000024c   0x00000000   Code   RO         1503    .ARM.Collect$$libinit$$0000002C  c_p.l(libinit2.o)
    0x0000024c   0x00000000   Code   RO         1505    .ARM.Collect$$libinit$$0000002E  c_p.l(libinit2.o)
    0x0000024c   0x00000000   Code   RO         1507    .ARM.Collect$$libinit$$00000030  c_p.l(libinit2.o)
    0x0000024c   0x00000002   Code   RO         1508    .ARM.Collect$$libinit$$00000031  c_p.l(libinit2.o)
    0x0000024e   0x00000002   Code   RO         1662    .ARM.Collect$$libshutdown$$00000000  c_p.l(libshutdown.o)
    0x00000250   0x00000004   Code   RO         1510    .ARM.Collect$$libshutdown$$00000002  c_p.l(libshutdown2.o)
    0x00000254   0x00000000   Code   RO         1511    .ARM.Collect$$libshutdown$$00000003  c_p.l(libshutdown2.o)
    0x00000254   0x00000000   Code   RO         1514    .ARM.Collect$$libshutdown$$00000006  c_p.l(libshutdown2.o)
    0x00000254   0x00000000   Code   RO         1517    .ARM.Collect$$libshutdown$$00000009  c_p.l(libshutdown2.o)
    0x00000254   0x00000000   Code   RO         1519    .ARM.Collect$$libshutdown$$0000000B  c_p.l(libshutdown2.o)
    0x00000254   0x00000000   Code   RO         1522    .ARM.Collect$$libshutdown$$0000000E  c_p.l(libshutdown2.o)
    0x00000254   0x00000002   Code   RO         1523    .ARM.Collect$$libshutdown$$0000000F  c_p.l(libshutdown2.o)
    0x00000256   0x00000000   Code   RO         1236    .ARM.Collect$$rtentry$$00000000  c_p.l(rtentry.o)
    0x00000256   0x00000000   Code   RO         1305    .ARM.Collect$$rtentry$$00000002  c_p.l(rtentry2.o)
    0x00000256   0x00000006   Code   RO         1317    .ARM.Collect$$rtentry$$00000004  c_p.l(rtentry4.o)
    0x0000025c   0x00000000   Code   RO         1307    .ARM.Collect$$rtentry$$00000009  c_p.l(rtentry2.o)
    0x0000025c   0x00000004   Code   RO         1308    .ARM.Collect$$rtentry$$0000000A  c_p.l(rtentry2.o)
    0x00000260   0x00000000   Code   RO         1310    .ARM.Collect$$rtentry$$0000000C  c_p.l(rtentry2.o)
    0x00000260   0x00000008   Code   RO         1311    .ARM.Collect$$rtentry$$0000000D  c_p.l(rtentry2.o)
    0x00000268   0x00000002   Code   RO         1535    .ARM.Collect$$rtexit$$00000000  c_p.l(rtexit.o)
    0x0000026a   0x00000000   Code   RO         1598    .ARM.Collect$$rtexit$$00000002  c_p.l(rtexit2.o)
    0x0000026a   0x00000004   Code   RO         1599    .ARM.Collect$$rtexit$$00000003  c_p.l(rtexit2.o)
    0x0000026e   0x00000006   Code   RO         1600    .ARM.Collect$$rtexit$$00000004  c_p.l(rtexit2.o)
    0x00000274   0x0000001e   Code   RO          536    .emb_text           nrf_delay.o
    0x00000292   0x00000002   PAD
    0x00000294   0x00000188   Code   RO          715    .emb_text           RTX_CM1.LIB(hal_cm1.o)
    0x0000041c   0x00000038   Code   RO         1218    .emb_text           c_p.l(rt_memcpy.o)
    0x00000454   0x00000000   Code   RO         1604    .emb_text           c_p.l(maybetermalloc1.o)
    0x00000454   0x000000d4   Code   RO            4    .text               main.o
    0x00000528   0x00000090   Code   RO          116    .text               rtx_conf_cm.o
    0x000005b8   0x00000044   Code   RO          142    .text               tasks.o
    0x000005fc   0x00000208   Code   RO          184    .text               device.o
    0x00000804   0x00000e34   Code   RO          233    .text               dhcp.o
    0x00001638   0x000004d0   Code   RO          268    .text               sockutil.o
    0x00001b08   0x000001bc   Code   RO          347    .text               spi_master.o
    0x00001cc4   0x000001fc   Code   RO          379    .text               util.o
    0x00001ec0   0x000006b4   Code   RO          433    .text               socket.o
    0x00002574   0x00000660   Code   RO          456    .text               w5500.o
    0x00002bd4   0x000000d8   Code   RO          479    .text               system_nrf51.o
    0x00002cac   0x00000054   Code   RO          506    .text               arm_startup_nrf51.o
    0x00002d00   0x000001b4   Code   RO          513    .text               radio_config.o
    0x00002eb4   0x0000001c   Code   RO          537    .text               nrf_delay.o
    0x00002ed0   0x00000008   Code   RO         1141    .text               c_p.l(libspace.o)
    0x00002ed8   0x0000001c   Code   RO         1144    .text               c_p.l(printf.o)
    0x00002ef4   0x0000001c   Code   RO         1146    .text               c_p.l(__2printf.o)
    0x00002f10   0x0000002c   Code   RO         1148    .text               c_p.l(__2sprintf.o)
    0x00002f3c   0x0000004e   Code   RO         1156    .text               c_p.l(_printf_pad.o)
    0x00002f8a   0x00000052   Code   RO         1158    .text               c_p.l(_printf_str.o)
    0x00002fdc   0x0000006c   Code   RO         1160    .text               c_p.l(_printf_dec.o)
    0x00003048   0x00000098   Code   RO         1180    .text               c_p.l(_printf_hex_int_ll_ptr.o)
    0x000030e0   0x00000188   Code   RO         1200    .text               c_p.l(__printf_flags_ss_wp.o)
    0x00003268   0x00000010   Code   RO         1207    .text               c_p.l(strtok.o)
    0x00003278   0x00000028   Code   RO         1210    .text               c_p.l(strstr.o)
    0x000032a0   0x0000005a   Code   RO         1212    .text               c_p.l(memcmp.o)
    0x000032fa   0x00000002   PAD
    0x000032fc   0x0000004c   Code   RO         1214    .text               c_p.l(strcpy.o)
    0x00003348   0x00000044   Code   RO         1216    .text               c_p.l(strlen.o)
    0x0000338c   0x00000082   Code   RO         1219    .text               c_p.l(rt_memcpy.o)
    0x0000340e   0x00000012   Code   RO         1222    .text               c_p.l(aeabi_memset.o)
    0x00003420   0x00000040   Code   RO         1224    .text               c_p.l(rt_memclr.o)
    0x00003460   0x0000006c   Code   RO         1226    .text               c_p.l(strncpy.o)
    0x000034cc   0x0000015a   Code   RO         1228    .text               c_p.l(aeabi_sdiv.o)
    0x00003626   0x00000006   Code   RO         1232    .text               c_p.l(heapauxi.o)
    0x0000362c   0x00000024   Code   RO         1241    .text               c_p.l(_printf_truncate.o)
    0x00003650   0x000000b0   Code   RO         1243    .text               c_p.l(_printf_intcommon.o)
    0x00003700   0x00000028   Code   RO         1245    .text               c_p.l(_printf_charcount.o)
    0x00003728   0x00000030   Code   RO         1247    .text               c_p.l(_printf_char_common.o)
    0x00003758   0x0000000a   Code   RO         1249    .text               c_p.l(_sputc.o)
    0x00003762   0x0000002e   Code   RO         1251    .text               c_p.l(_printf_char.o)
    0x00003790   0x000000bc   Code   RO         1255    .text               c_p.l(_printf_wctomb.o)
    0x0000384c   0x00000070   Code   RO         1258    .text               c_p.l(_printf_longlong_dec.o)
    0x000038bc   0x00000070   Code   RO         1264    .text               c_p.l(_printf_oct_int_ll.o)
    0x0000392c   0x00000048   Code   RO         1292    .text               c_p.l(strtok_int.o)
    0x00003974   0x00000028   Code   RO         1294    .text               c_p.l(rtudiv10.o)
    0x0000399c   0x0000007a   Code   RO         1321    .text               c_p.l(lludiv10.o)
    0x00003a16   0x00000002   PAD
    0x00003a18   0x00000414   Code   RO         1323    .text               c_p.l(_printf_fp_dec.o)
    0x00003e2c   0x000002d0   Code   RO         1325    .text               c_p.l(_printf_fp_hex.o)
    0x000040fc   0x0000002e   Code   RO         1330    .text               c_p.l(_printf_wchar.o)
    0x0000412a   0x00000002   PAD
    0x0000412c   0x000001cc   Code   RO         1344    .text               c_p.l(initio_locked.o)
    0x000042f8   0x00000044   Code   RO         1346    .text               c_p.l(_wcrtomb.o)
    0x0000433c   0x00000022   Code   RO         1348    .text               c_p.l(strcspn.o)
    0x0000435e   0x00000020   Code   RO         1350    .text               c_p.l(strspn.o)
    0x0000437e   0x00000066   Code   RO         1352    .text               c_p.l(sys_io.o)
    0x000043e4   0x0000003e   Code   RO         1357    .text               c_p.l(sys_stackheap_outer.o)
    0x00004422   0x00000002   PAD
    0x00004424   0x00000010   Code   RO         1360    .text               c_p.l(rt_ctype_table.o)
    0x00004434   0x0000000a   Code   RO         1367    .text               c_p.l(rt_locale_twolibspace.o)
    0x0000443e   0x00000074   Code   RO         1373    .text               c_p.l(h1_free_mt.o)
    0x000044b2   0x00000002   PAD
    0x000044b4   0x00000088   Code   RO         1425    .text               c_p.l(_printf_fp_infnan.o)
    0x0000453c   0x000000cc   Code   RO         1427    .text               c_p.l(bigflt0.o)
    0x00004608   0x000004a8   Code   RO         1430    .text               c_p.l(btod.o)
    0x00004ab0   0x000001f0   Code   RO         1434    .text               c_p.l(flsbuf.o)
    0x00004ca0   0x0000004c   Code   RO         1441    .text               c_p.l(fclose.o)
    0x00004cec   0x0000006c   Code   RO         1443    .text               c_p.l(setvbuf_locked.o)
    0x00004d58   0x00000140   Code   RO         1445    .text               c_p.l(fopen_locked.o)
    0x00004e98   0x0000000c   Code   RO         1450    .text               c_p.l(exit.o)
    0x00004ea4   0x0000000c   Code   RO         1456    .text               c_p.l(defsig_rtred_outer.o)
    0x00004eb0   0x00000002   Code   RO         1531    .text               c_p.l(use_no_semi.o)
    0x00004eb2   0x00000000   Code   RO         1533    .text               c_p.l(indicate_semi.o)
    0x00004eb2   0x0000000a   Code   RO         1544    .text               c_p.l(rt_heap_descriptor_twolibspace.o)
    0x00004ebc   0x00000004   Code   RO         1546    .text               c_p.l(hguard.o)
    0x00004ec0   0x00000088   Code   RO         1548    .text               c_p.l(init_alloc.o)
    0x00004f48   0x0000009a   Code   RO         1556    .text               c_p.l(h1_alloc_mt.o)
    0x00004fe2   0x00000002   PAD
    0x00004fe4   0x0000003c   Code   RO         1568    .text               c_p.l(_printf_char_file_locked.o)
    0x00005020   0x000000f4   Code   RO         1570    .text               c_p.l(fseek.o)
    0x00005114   0x000000f0   Code   RO         1572    .text               c_p.l(stdio.o)
    0x00005204   0x0000000c   Code   RO         1581    .text               c_p.l(defsig_exit.o)
    0x00005210   0x00000034   Code   RO         1585    .text               c_p.l(defsig_rtred_inner.o)
    0x00005244   0x00000088   Code   RO         1589    .text               c_p.l(strcmp.o)
    0x000052cc   0x0000000c   Code   RO         1595    .text               c_p.l(sys_exit.o)
    0x000052d8   0x00000016   Code   RO         1610    .text               c_p.l(h1_init_mt.o)
    0x000052ee   0x00000036   Code   RO         1612    .text               c_p.l(h1_extend_mt.o)
    0x00005324   0x00000042   Code   RO         1618    .text               c_p.l(ftell.o)
    0x00005366   0x00000034   Code   RO         1626    .text               c_p.l(defsig_general.o)
    0x0000539a   0x0000000c   Code   RO         1628    .text               c_p.l(defsig_rtmem_outer.o)
    0x000053a6   0x0000000c   Code   RO         1641    .text               c_p.l(sys_wrch.o)
    0x000053b2   0x00000008   Code   RO         1650    .text               c_p.l(rt_errno_addr_twolibspace.o)
    0x000053ba   0x00000002   PAD
    0x000053bc   0x00000050   Code   RO         1656    .text               c_p.l(defsig_rtmem_inner.o)
    0x0000540c   0x00000004   Code   RO          950    SVC_TABLE           RTX_CM1.LIB(SVC_Table.o)
    0x00005410   0x00000030   Code   RO         1432    i.__ARM_common_ll_muluu  c_p.l(btod.o)
    0x00005440   0x0000001c   Code   RO          253    i.__ARM_common_switch8  dhcp.o
    0x0000545c   0x0000002c   Code   RO         1529    i.__ARM_fpclassify  m_ps.l(fpclassify.o)
    0x00005488   0x00000048   Code   RO          921    i._init_box         RTX_CM1.LIB(rt_membox.o)
    0x000054d0   0x0000000e   Code   RO         1193    i._is_digit         c_p.l(__printf_wp.o)
    0x000054de   0x0000001e   Code   RO         1335    i.fputc             c_p.l(fputc.o)
    0x000054fc   0x0000002c   Code   RO          736    i.os_tick_init      RTX_CM1.LIB(rt_system.o)
    0x00005528   0x00000002   Code   RO          737    i.os_tick_irqack    RTX_CM1.LIB(rt_system.o)
    0x0000552a   0x0000001e   Code   RO          922    i.rt_alloc_box      RTX_CM1.LIB(rt_membox.o)
    0x00005548   0x00000038   Code   RO          588    i.rt_block          RTX_CM1.LIB(rt_task.o)
    0x00005580   0x00000044   Code   RO          899    i.rt_chk_robin      RTX_CM1.LIB(rt_robin.o)
    0x000055c4   0x00000078   Code   RO          820    i.rt_dec_dly        RTX_CM1.LIB(rt_list.o)
    0x0000563c   0x00000040   Code   RO          589    i.rt_dispatch       RTX_CM1.LIB(rt_task.o)
    0x0000567c   0x0000004c   Code   RO          956    i.rt_evt_psh        RTX_CM1.LIB(rt_event.o)
    0x000056c8   0x00000026   Code   RO          923    i.rt_free_box       RTX_CM1.LIB(rt_membox.o)
    0x000056ee   0x0000002a   Code   RO          821    i.rt_get_first      RTX_CM1.LIB(rt_list.o)
    0x00005718   0x00000048   Code   RO          590    i.rt_init_context   RTX_CM1.LIB(rt_task.o)
    0x00005760   0x00000018   Code   RO          900    i.rt_init_robin     RTX_CM1.LIB(rt_robin.o)
    0x00005778   0x0000004c   Code   RO          716    i.rt_init_stack     RTX_CM1.LIB(hal_cm1.o)
    0x000057c4   0x000000ac   Code   RO          999    i.rt_mbx_psh        RTX_CM1.LIB(rt_mailbox.o)
    0x00005870   0x00000010   Code   RO          687    i.rt_mut_init       RTX_CM1.LIB(rt_mutex.o)
    0x00005880   0x000000e4   Code   RO          688    i.rt_mut_release    RTX_CM1.LIB(rt_mutex.o)
    0x00005964   0x00000070   Code   RO          689    i.rt_mut_wait       RTX_CM1.LIB(rt_mutex.o)
    0x000059d4   0x00000070   Code   RO          738    i.rt_pop_req        RTX_CM1.LIB(rt_system.o)
    0x00005a44   0x00000050   Code   RO          824    i.rt_put_dly        RTX_CM1.LIB(rt_list.o)
    0x00005a94   0x0000003c   Code   RO          825    i.rt_put_prio       RTX_CM1.LIB(rt_list.o)
    0x00005ad0   0x00000014   Code   RO          826    i.rt_put_rdy_first  RTX_CM1.LIB(rt_list.o)
    0x00005ae4   0x00000030   Code   RO          827    i.rt_resort_prio    RTX_CM1.LIB(rt_list.o)
    0x00005b14   0x0000002a   Code   RO          828    i.rt_rmv_dly        RTX_CM1.LIB(rt_list.o)
    0x00005b3e   0x00000002   PAD
    0x00005b40   0x00000034   Code   RO          829    i.rt_rmv_list       RTX_CM1.LIB(rt_list.o)
    0x00005b74   0x00000034   Code   RO         1045    i.rt_sem_psh        RTX_CM1.LIB(rt_semaphore.o)
    0x00005ba8   0x00000028   Code   RO          741    i.rt_stk_check      RTX_CM1.LIB(rt_system.o)
    0x00005bd0   0x00000010   Code   RO          591    i.rt_switch_req     RTX_CM1.LIB(rt_task.o)
    0x00005be0   0x00000138   Code   RO          592    i.rt_sys_init       RTX_CM1.LIB(rt_task.o)
    0x00005d18   0x0000003c   Code   RO          743    i.rt_systick        RTX_CM1.LIB(rt_system.o)
    0x00005d54   0x00000040   Code   RO         1114    i.rt_tmr_tick       RTX_CM1.LIB(rt_timer.o)
    0x00005d94   0x0000007c   Code   RO          593    i.rt_tsk_create     RTX_CM1.LIB(rt_task.o)
    0x00005e10   0x00000140   Code   RO          594    i.rt_tsk_delete     RTX_CM1.LIB(rt_task.o)
    0x00005f50   0x00000010   Code   RO          597    i.rt_tsk_self       RTX_CM1.LIB(rt_task.o)
    0x00005f60   0x0000002c   Code   RO         1448    locale$$code        c_p.l(lc_numeric_c.o)
    0x00005f8c   0x0000002c   Code   RO         1579    locale$$code        c_p.l(lc_ctype_c.o)
    0x00005fb8   0x00000010   Code   RO         1296    x$fpl$printf1       fz_ps.l(printf1.o)
    0x00005fc8   0x00000010   Code   RO         1298    x$fpl$printf2       fz_ps.l(printf2.o)
    0x00005fd8   0x00000000   Code   RO         1528    x$fpl$usenofp       fz_ps.l(usenofp.o)
    0x00005fd8   0x00000028   Data   RO          118    .constdata          rtx_conf_cm.o
    0x00006000   0x00000004   Data   RO          746    .constdata          RTX_CM1.LIB(rt_system.o)
    0x00006004   0x00000028   Data   RO         1181    .constdata          c_p.l(_printf_hex_int_ll_ptr.o)
    0x0000602c   0x00000011   Data   RO         1201    .constdata          c_p.l(__printf_flags_ss_wp.o)
    0x0000603d   0x00000003   PAD
    0x00006040   0x00000008   Data   RO         1256    .constdata          c_p.l(_printf_wctomb.o)
    0x00006048   0x00000026   Data   RO         1326    .constdata          c_p.l(_printf_fp_hex.o)
    0x0000606e   0x00000004   Data   RO         1353    .constdata          c_p.l(sys_io.o)
    0x00006072   0x00000004   Data   RO         1354    .constdata          c_p.l(sys_io.o)
    0x00006076   0x00000004   Data   RO         1355    .constdata          c_p.l(sys_io.o)
    0x0000607a   0x00000002   PAD
    0x0000607c   0x00000094   Data   RO         1428    .constdata          c_p.l(bigflt0.o)
    0x00006110   0x00000005   Data   RO          235    .conststring        dhcp.o
    0x00006115   0x00000003   PAD
    0x00006118   0x00000020   Data   RO         1679    Region$$Table       anon$$obj.o
    0x00006138   0x0000001c   Data   RO         1447    locale$$data        c_p.l(lc_numeric_c.o)
    0x00006154   0x00000110   Data   RO         1578    locale$$data        c_p.l(lc_ctype_c.o)


    Execution Region RW_IRAM1 (Base: 0x20000000, Size: 0x00002f88, Max: 0x00004000, ABSOLUTE)

    Base Addr    Size         Type   Attr      Idx    E Section Name        Object

    0x20000000   0x00000004   Data   RW            5    .data               main.o
    0x20000004   0x00000008   Data   RW          119    .data               rtx_conf_cm.o
    0x2000000c   0x00000004   Data   RW          143    .data               tasks.o
    0x20000010   0x00000010   Data   RW          186    .data               device.o
    0x20000020   0x00000041   Data   RW          236    .data               dhcp.o
    0x20000061   0x00000001   PAD
    0x20000062   0x00000002   Data   RW          434    .data               socket.o
    0x20000064   0x0000000c   Data   RW          458    .data               w5500.o
    0x20000070   0x00000004   Data   RW          480    .data               system_nrf51.o
    0x20000074   0x00000008   Data   RW          599    .data               RTX_CM1.LIB(rt_task.o)
    0x2000007c   0x00000008   Data   RW          747    .data               RTX_CM1.LIB(rt_system.o)
    0x20000084   0x00000008   Data   RW          901    .data               RTX_CM1.LIB(rt_robin.o)
    0x2000008c   0x00000004   Data   RW         1083    .data               RTX_CM1.LIB(rt_time.o)
    0x20000090   0x00000008   Data   RW         1115    .data               RTX_CM1.LIB(rt_timer.o)
    0x20000098   0x00000004   Data   RW         1208    .data               c_p.l(strtok.o)
    0x2000009c   0x00000004   Data   RW         1289    .data               c_p.l(stdio_streams.o)
    0x200000a0   0x00000004   Data   RW         1290    .data               c_p.l(stdio_streams.o)
    0x200000a4   0x00000004   Data   RW         1291    .data               c_p.l(stdio_streams.o)
    0x200000a8   0x00000004   Data   RW         1438    .data               c_p.l(streamlock.o)
    0x200000ac   0x00000004   PAD
    0x200000b0   0x000012cc   Zero   RW          117    .bss                rtx_conf_cm.o
    0x2000137c   0x000005f6   Zero   RW          185    .bss                device.o
    0x20001972   0x00000400   Zero   RW          234    .bss                dhcp.o
    0x20001d72   0x00000030   Zero   RW          269    .bss                sockutil.o
    0x20001da2   0x00000020   Zero   RW          457    .bss                w5500.o
    0x20001dc2   0x00000002   PAD
    0x20001dc4   0x00000038   Zero   RW          598    .bss                RTX_CM1.LIB(rt_task.o)
    0x20001dfc   0x00000030   Zero   RW          830    .bss                RTX_CM1.LIB(rt_list.o)
    0x20001e2c   0x00000060   Zero   RW         1142    .bss                c_p.l(libspace.o)
    0x20001e8c   0x00000054   Zero   RW         1286    .bss                c_p.l(stdio_streams.o)
    0x20001ee0   0x00000054   Zero   RW         1287    .bss                c_p.l(stdio_streams.o)
    0x20001f34   0x00000054   Zero   RW         1288    .bss                c_p.l(stdio_streams.o)
    0x20001f88   0x00000800   Zero   RW          504    HEAP                arm_startup_nrf51.o
    0x20002788   0x00000800   Zero   RW          503    STACK               arm_startup_nrf51.o


==============================================================================

Image component sizes


      Code (inc. data)   RO Data    RW Data    ZI Data      Debug   Object Name

        84         36        192          0       4096        584   arm_startup_nrf51.o
       520        102          0         16       1526       6261   device.o
      3664        288          5         65       1024       6306   dhcp.o
       212         40          0          4          0      22255   main.o
        58          4          0          0          0       1215   nrf_delay.o
       436         36          0          0          0       1326   radio_config.o
       144         28         40          8       4812       9909   rtx_conf_cm.o
      1716         84          0          2          0       4338   socket.o
      1232        328          0          0         48       6322   sockutil.o
       444         12          0          0          0       4347   spi_master.o
       216         28          0          4          0       1133   system_nrf51.o
        68          0          0          4          0       4780   tasks.o
       508          6          0          0          0       3937   util.o
      1632        164          0         12         32       8086   w5500.o

    ----------------------------------------------------------------------
     10936       1156        272        116      11540      80799   Object Totals
         0          0         32          0          0          0   (incl. Generated)
         2          0          3          1          2          0   (incl. Padding)

    ----------------------------------------------------------------------

      Code (inc. data)   RO Data    RW Data    ZI Data      Debug   Library Member Name

         4          4          0          0          0        140   SVC_Table.o
       468         50          0          0          0       1304   hal_cm1.o
        76          6          0          0          0        477   rt_event.o
       464         30          0          0         48       3742   rt_list.o
       172          4          0          0          0        553   rt_mailbox.o
       140          0          0          0          0       1509   rt_membox.o
       356         16          0          0          0       1625   rt_mutex.o
        92         22          0          8          0        918   rt_robin.o
        52          6          0          0          0        433   rt_semaphore.o
       258         46          4          8          0       2949   rt_system.o
       980        160          0          8         56       6608   rt_task.o
         0          0          0          4          0        150   rt_time.o
        64          8          0          8          0        575   rt_timer.o
        28          6          0          0          0         84   __2printf.o
        44          4          0          0          0         84   __2sprintf.o
         8          0          0          0          0         68   __main.o
       392          6         17          0          0         76   __printf_flags_ss_wp.o
        14          0          0          0          0         60   __printf_wp.o
        60          8          0          0          0          0   __scatter.o
        26          0          0          0          0          0   __scatter_copy.o
        28          0          0          0          0          0   __scatter_zi.o
        10          0          0          0          0          0   _printf_a.o
        10          0          0          0          0          0   _printf_c.o
        46          0          0          0          0        100   _printf_char.o
        48          6          0          0          0         88   _printf_char_common.o
        60          6          0          0          0         76   _printf_char_file_locked.o
        40          0          0          0          0         60   _printf_charcount.o
        10          0          0          0          0          0   _printf_d.o
       108         18          0          0          0         76   _printf_dec.o
        10          0          0          0          0          0   _printf_e.o
        10          0          0          0          0          0   _printf_f.o
      1044         12          0          0          0        176   _printf_fp_dec.o
       720          8         38          0          0         84   _printf_fp_hex.o
       136         16          0          0          0         76   _printf_fp_infnan.o
        10          0          0          0          0          0   _printf_g.o
       152          4         40          0          0        148   _printf_hex_int_ll_ptr.o
        10          0          0          0          0          0   _printf_i.o
       176          0          0          0          0         84   _printf_intcommon.o
        10          0          0          0          0          0   _printf_l.o
        10          0          0          0          0          0   _printf_lc.o
        10          0          0          0          0          0   _printf_ll.o
        10          0          0          0          0          0   _printf_lld.o
        10          0          0          0          0          0   _printf_lli.o
        10          0          0          0          0          0   _printf_llo.o
        10          0          0          0          0          0   _printf_llu.o
        10          0          0          0          0          0   _printf_llx.o
       112         18          0          0          0         76   _printf_longlong_dec.o
        10          0          0          0          0          0   _printf_ls.o
        10          0          0          0          0          0   _printf_n.o
        10          0          0          0          0          0   _printf_o.o
       112         10          0          0          0        112   _printf_oct_int_ll.o
        10          0          0          0          0          0   _printf_p.o
        78          0          0          0          0        100   _printf_pad.o
         2          0          0          0          0          0   _printf_percent.o
         4          0          0          0          0          0   _printf_percent_end.o
        10          0          0          0          0          0   _printf_s.o
        82          0          0          0          0         72   _printf_str.o
        36          0          0          0          0         76   _printf_truncate.o
        10          0          0          0          0          0   _printf_u.o
        46          0          0          0          0        100   _printf_wchar.o
       188          6          8          0          0         80   _printf_wctomb.o
        10          0          0          0          0          0   _printf_x.o
        10          0          0          0          0         60   _sputc.o
        68          0          0          0          0         72   _wcrtomb.o
        18          0          0          0          0         68   aeabi_memset.o
       346          0          0          0          0         92   aeabi_sdiv.o
       204          4        148          0          0         80   bigflt0.o
      1240         12          0          0          0        316   btod.o
        12          0          0          0          0         68   defsig_exit.o
        52          0          0          0          0         72   defsig_general.o
        80         58          0          0          0         68   defsig_rtmem_inner.o
        12          0          0          0          0         68   defsig_rtmem_outer.o
        52         38          0          0          0         68   defsig_rtred_inner.o
        12          0          0          0          0         68   defsig_rtred_outer.o
        12          0          0          0          0         64   exit.o
        76          4          0          0          0         76   fclose.o
       496         10          0          0          0         76   flsbuf.o
       320         12          0          0          0        148   fopen_locked.o
        30          0          0          0          0         68   fputc.o
       244          4          0          0          0         76   fseek.o
        66          0          0          0          0         68   ftell.o
       154          0          0          0          0        116   h1_alloc_mt.o
        54          0          0          0          0         72   h1_extend_mt.o
       116          0          0          0          0        100   h1_free_mt.o
        22          0          0          0          0         84   h1_init_mt.o
         6          0          0          0          0        136   heapauxi.o
         4          0          0          0          0        120   hguard.o
         0          0          0          0          0          0   indicate_semi.o
       136          0          0          0          0        160   init_alloc.o
       460         50          0          0          0        100   initio_locked.o
        44         10        272          0          0         76   lc_ctype_c.o
        44         10         28          0          0         76   lc_numeric_c.o
         2          0          0          0          0          0   libinit.o
        46          0          0          0          0          0   libinit2.o
         2          0          0          0          0          0   libshutdown.o
         6          0          0          0          0          0   libshutdown2.o
         8          4          0          0         96         68   libspace.o
       122          0          0          0          0         72   lludiv10.o
         0          0          0          0          0          0   maybetermalloc1.o
        90          0          0          0          0         68   memcmp.o
        28          6          0          0          0         84   printf.o
        16          4          0          0          0         76   rt_ctype_table.o
         8          0          0          0          0         76   rt_errno_addr_twolibspace.o
        10          0          0          0          0         76   rt_heap_descriptor_twolibspace.o
        10          0          0          0          0         76   rt_locale_twolibspace.o
        64          0          0          0          0        108   rt_memclr.o
       186          0          0          0          0        144   rt_memcpy.o
         0          0          0          0          0          0   rtentry.o
        12          0          0          0          0          0   rtentry2.o
         6          0          0          0          0          0   rtentry4.o
         2          0          0          0          0          0   rtexit.o
        10          0          0          0          0          0   rtexit2.o
        40          0          0          0          0         60   rtudiv10.o
       108          4          0          0          0         80   setvbuf_locked.o
       240          8          0          0          0        144   stdio.o
         0          0          0         12        252          0   stdio_streams.o
       136          4          0          0          0         72   strcmp.o
        76          6          0          0          0         72   strcpy.o
        34          0          0          0          0         72   strcspn.o
         0          0          0          4          0          0   streamlock.o
        68          6          0          0          0         72   strlen.o
       108          4          0          0          0         76   strncpy.o
        32          0          0          0          0         72   strspn.o
        40          0          0          0          0         72   strstr.o
        16          6          0          4          0         68   strtok.o
        72          6          0          0          0         76   strtok_int.o
        12          4          0          0          0         60   sys_exit.o
       102          0         12          0          0        232   sys_io.o
        62          0          0          0          0         80   sys_stackheap_outer.o
        12          0          0          0          0         68   sys_wrch.o
         2          0          0          0          0         68   use_no_semi.o
        16          4          0          0          0         76   printf1.o
        16          4          0          0          0         76   printf2.o
         0          0          0          0          0          0   usenofp.o
        44          6          0          0          0         60   fpclassify.o

    ----------------------------------------------------------------------
     13408        768        572         56        456      28159   Library Totals
        18          0          5          0          4          0   (incl. Padding)

    ----------------------------------------------------------------------

      Code (inc. data)   RO Data    RW Data    ZI Data      Debug   Library Name

      3126        352          4         36        104      20983   RTX_CM1.LIB
     10188        402        563         20        348       6964   c_p.l
        32          8          0          0          0        152   fz_ps.l
        44          6          0          0          0         60   m_ps.l

    ----------------------------------------------------------------------
     13408        768        572         56        456      28159   Library Totals

    ----------------------------------------------------------------------

==============================================================================


      Code (inc. data)   RO Data    RW Data    ZI Data      Debug   

     24344       1924        844        172      11996     102626   Grand Totals
     24344       1924        844        172      11996     102626   ELF Image Totals
     24344       1924        844        172          0          0   ROM Totals

==============================================================================

    Total RO  Size (Code + RO Data)                25188 (  24.60kB)
    Total RW  Size (RW Data + ZI Data)             12168 (  11.88kB)
    Total ROM Size (Code + RO Data + RW Data)      25360 (  24.77kB)

==============================================================================

